Copyright 1986-2022 Xilinx, Inc. All Rights Reserved. Copyright 2022-2025 Advanced Micro Devices, Inc. All Rights Reserved.
---------------------------------------------------------------------------------------------------------------------------------------------
| Tool Version : Vivado v.2025.2 (win64) Build 6299465 Fri Nov 14 19:35:11 GMT 2025
| Date         : Sat May 30 13:40:08 2026
| Host         : Paresh running 64-bit major release  (build 9200)
| Command      : report_control_sets -verbose -file soc_top_control_sets_placed.rpt
| Design       : soc_top
| Device       : xc7a35t
---------------------------------------------------------------------------------------------------------------------------------------------

Control Set Information

Table of Contents
-----------------
1. Summary
2. Histogram
3. Flip-Flop Distribution
4. Detailed Control Set Information

1. Summary
----------

+----------------------------------------------------------+-------+
|                          Status                          | Count |
+----------------------------------------------------------+-------+
| Total control sets                                       |     5 |
|    Minimum number of control sets                        |     5 |
|    Addition due to synthesis replication                 |     0 |
|    Addition due to physical synthesis replication        |     0 |
| Unused register locations in slices containing registers |     9 |
+----------------------------------------------------------+-------+
* Control sets can be merged at opt_design using control_set_merge or merge_equivalent_drivers
** Run report_qor_suggestions for automated merging and remapping suggestions


2. Histogram
------------

+--------------------+-------+
|       Fanout       | Count |
+--------------------+-------+
| Total control sets |     5 |
| >= 0 to < 4        |     0 |
| >= 4 to < 6        |     1 |
| >= 6 to < 8        |     0 |
| >= 8 to < 10       |     2 |
| >= 10 to < 12      |     0 |
| >= 12 to < 14      |     0 |
| >= 14 to < 16      |     0 |
| >= 16              |     2 |
+--------------------+-------+
* Control sets can be remapped at either synth_design or opt_design


3. Flip-Flop Distribution
-------------------------

+--------------+-----------------------+------------------------+-----------------+--------------+
| Clock Enable | Synchronous Set/Reset | Asynchronous Set/Reset | Total Registers | Total Slices |
+--------------+-----------------------+------------------------+-----------------+--------------+
| No           | No                    | No                     |             131 |           50 |
| No           | No                    | Yes                    |               0 |            0 |
| No           | Yes                   | No                     |               0 |            0 |
| Yes          | No                    | No                     |               0 |            0 |
| Yes          | No                    | Yes                    |               0 |            0 |
| Yes          | Yes                   | No                     |              20 |            8 |
+--------------+-----------------------+------------------------+-----------------+--------------+


4. Detailed Control Set Information
-----------------------------------

+----------------+---------------------------------------+------------------+------------------+----------------+--------------+
|  Clock Signal  |             Enable Signal             | Set/Reset Signal | Slice Load Count | Bel Load Count | Bels / Slice |
+----------------+---------------------------------------+------------------+------------------+----------------+--------------+
|  clk_IBUF_BUFG | dma_inst/src_addr_a[3]_i_1_n_0        | reset_IBUF       |                1 |              4 |         4.00 |
|  clk_IBUF_BUFG | we_b_IBUF                             |                  |                2 |              8 |         4.00 |
|  clk_IBUF_BUFG | we_a_IBUF                             |                  |                2 |              8 |         4.00 |
|  clk_IBUF_BUFG | dma_inst/FSM_onehot_state_reg_n_0_[1] | reset_IBUF       |                7 |             16 |         2.29 |
|  clk_IBUF_BUFG |                                       |                  |               50 |            131 |         2.62 |
+----------------+---------------------------------------+------------------+------------------+----------------+--------------+


