Copyright 1986-2022 Xilinx, Inc. All Rights Reserved. Copyright 2022-2025 Advanced Micro Devices, Inc. All Rights Reserved.
---------------------------------------------------------------------------------------------------------------------------------------------------------------------------------------------------------------------------------
| Tool Version : Vivado v.2025.2 (win64) Build 6299465 Fri Nov 14 19:35:11 GMT 2025
| Date         : Sat May 30 13:40:38 2026
| Host         : Paresh running 64-bit major release  (build 9200)
| Command      : report_timing_summary -max_paths 10 -routable_nets -report_unconstrained -file soc_top_timing_summary_routed.rpt -pb soc_top_timing_summary_routed.pb -rpx soc_top_timing_summary_routed.rpx -warn_on_violation
| Design       : soc_top
| Device       : 7a35t-cpg236
| Speed File   : -1  PRODUCTION 1.23 2018-06-13
| Design State : Routed
---------------------------------------------------------------------------------------------------------------------------------------------------------------------------------------------------------------------------------

Timing Summary Report

------------------------------------------------------------------------------------------------
| Timer Settings
| --------------
------------------------------------------------------------------------------------------------

  Enable Multi Corner Analysis               :  Yes
  Enable Pessimism Removal                   :  Yes
  Pessimism Removal Resolution               :  Nearest Common Node
  Enable Input Delay Default Clock           :  No
  Enable Preset / Clear Arcs                 :  No
  Disable Flight Delays                      :  No
  Ignore I/O Paths                           :  No
  Timing Early Launch at Borrowing Latches   :  No
  Borrow Time for Max Delay Exceptions       :  Yes
  Merge Timing Exceptions                    :  Yes
  Inter-SLR Compensation                     :  Conservative

  Corner  Analyze    Analyze    
  Name    Max Paths  Min Paths  
  ------  ---------  ---------  
  Slow    Yes        Yes        
  Fast    Yes        Yes        


------------------------------------------------------------------------------------------------
| Report Methodology
| ------------------
------------------------------------------------------------------------------------------------

Rule       Severity          Description                  Violations  
---------  ----------------  ---------------------------  ----------  
TIMING-17  Critical Warning  Non-clocked sequential cell  167         

Note: This report is based on the most recent report_methodology run and may not be up-to-date. Run report_methodology on the current design for the latest report.



check_timing report

Table of Contents
-----------------
1. checking no_clock (167)
2. checking constant_clock (0)
3. checking pulse_width_clock (0)
4. checking unconstrained_internal_endpoints (287)
5. checking no_input_delay (28)
6. checking no_output_delay (64)
7. checking multiple_clock (0)
8. checking generated_clocks (0)
9. checking loops (0)
10. checking partial_input_delay (0)
11. checking partial_output_delay (0)
12. checking latch_loops (0)

1. checking no_clock (167)
--------------------------
 There are 167 register/latch pins with no clock driven by root clock pin: clk (HIGH)


2. checking constant_clock (0)
------------------------------
 There are 0 register/latch pins with constant_clock.


3. checking pulse_width_clock (0)
---------------------------------
 There are 0 register/latch pins which need pulse_width check


4. checking unconstrained_internal_endpoints (287)
--------------------------------------------------
 There are 287 pins that are not constrained for maximum delay. (HIGH)

 There are 0 pins that are not constrained for maximum delay due to constant clock.


5. checking no_input_delay (28)
-------------------------------
 There are 28 input ports with no input delay specified. (HIGH)

 There are 0 input ports with no input delay but user has a false path constraint.


6. checking no_output_delay (64)
--------------------------------
 There are 64 ports with no output delay specified. (HIGH)

 There are 0 ports with no output delay but user has a false path constraint

 There are 0 ports with no output delay but with a timing clock defined on it or propagating through it


7. checking multiple_clock (0)
------------------------------
 There are 0 register/latch pins with multiple clocks.


8. checking generated_clocks (0)
--------------------------------
 There are 0 generated clocks that are not connected to a clock source.


9. checking loops (0)
---------------------
 There are 0 combinational loops in the design.


10. checking partial_input_delay (0)
------------------------------------
 There are 0 input ports with partial input delay specified.


11. checking partial_output_delay (0)
-------------------------------------
 There are 0 ports with partial output delay specified.


12. checking latch_loops (0)
----------------------------
 There are 0 combinational latch loops in the design through latch input



------------------------------------------------------------------------------------------------
| Design Timing Summary
| ---------------------
------------------------------------------------------------------------------------------------

    WNS(ns)      TNS(ns)  TNS Failing Endpoints  TNS Total Endpoints      WHS(ns)      THS(ns)  THS Failing Endpoints  THS Total Endpoints     WPWS(ns)     TPWS(ns)  TPWS Failing Endpoints  TPWS Total Endpoints  
    -------      -------  ---------------------  -------------------      -------      -------  ---------------------  -------------------     --------     --------  ----------------------  --------------------  
        inf        0.000                      0                  351          inf        0.000                      0                  351           NA           NA                      NA                    NA  


There are no user specified timing constraints.


------------------------------------------------------------------------------------------------
| Clock Summary
| -------------
------------------------------------------------------------------------------------------------


------------------------------------------------------------------------------------------------
| Intra Clock Table
| -----------------
------------------------------------------------------------------------------------------------

Clock             WNS(ns)      TNS(ns)  TNS Failing Endpoints  TNS Total Endpoints      WHS(ns)      THS(ns)  THS Failing Endpoints  THS Total Endpoints     WPWS(ns)     TPWS(ns)  TPWS Failing Endpoints  TPWS Total Endpoints  
-----             -------      -------  ---------------------  -------------------      -------      -------  ---------------------  -------------------     --------     --------  ----------------------  --------------------  


------------------------------------------------------------------------------------------------
| Inter Clock Table
| -----------------
------------------------------------------------------------------------------------------------

From Clock    To Clock          WNS(ns)      TNS(ns)  TNS Failing Endpoints  TNS Total Endpoints      WHS(ns)      THS(ns)  THS Failing Endpoints  THS Total Endpoints  
----------    --------          -------      -------  ---------------------  -------------------      -------      -------  ---------------------  -------------------  


------------------------------------------------------------------------------------------------
| Other Path Groups Table
| -----------------------
------------------------------------------------------------------------------------------------

Path Group    From Clock    To Clock          WNS(ns)      TNS(ns)  TNS Failing Endpoints  TNS Total Endpoints      WHS(ns)      THS(ns)  THS Failing Endpoints  THS Total Endpoints  
----------    ----------    --------          -------      -------  ---------------------  -------------------      -------      -------  ---------------------  -------------------  


------------------------------------------------------------------------------------------------
| User Ignored Path Table
| -----------------------
------------------------------------------------------------------------------------------------

Path Group    From Clock    To Clock    
----------    ----------    --------    


------------------------------------------------------------------------------------------------
| Unconstrained Path Table
| ------------------------
------------------------------------------------------------------------------------------------

Path Group    From Clock    To Clock    
----------    ----------    --------    
(none)                                    


------------------------------------------------------------------------------------------------
| Timing Details
| --------------
------------------------------------------------------------------------------------------------


--------------------------------------------------------------------------------------
Path Group:  (none)
From Clock:  
  To Clock:  

Max Delay           351 Endpoints
Min Delay           351 Endpoints
--------------------------------------------------------------------------------------


Max Delay Paths
--------------------------------------------------------------------------------------
Slack:                    inf
  Source:                 dma_inst/dst_data_a_reg[3]/C
                            (rising edge-triggered cell FDRE)
  Destination:            accel_inst/accelerator_core/rows[1].cols[0].pe_inst/acc_out_reg[12]_lopt_replica/D
  Path Group:             (none)
  Path Type:              Max at Slow Process Corner
  Data Path Delay:        10.339ns  (logic 2.369ns (22.913%)  route 7.970ns (77.087%))
  Logic Levels:           8  (CARRY4=3 FDRE=1 LUT4=1 LUT6=3)

    Location             Delay type                Incr(ns)  Path(ns)    Netlist Resource(s)
  -------------------------------------------------------------------    -------------------
    SLICE_X2Y41          FDRE                         0.000     0.000 r  dma_inst/dst_data_a_reg[3]/C
    SLICE_X2Y41          FDRE (Prop_fdre_C_Q)         0.518     0.518 r  dma_inst/dst_data_a_reg[3]/Q
                         net (fo=37, routed)          3.005     3.523    accel_inst/accelerator_core/rows[0].cols[0].pe_inst/a_out_reg[7]_2[3]
    SLICE_X10Y40         LUT6 (Prop_lut6_I5_O)        0.124     3.647 r  accel_inst/accelerator_core/rows[0].cols[0].pe_inst/acc_out1__30_carry__0_i_4__1/O
                         net (fo=2, routed)           1.007     4.654    accel_inst/accelerator_core/rows[0].cols[0].pe_inst/b_out_reg[5]_0[0]
    SLICE_X10Y37         LUT6 (Prop_lut6_I0_O)        0.124     4.778 r  accel_inst/accelerator_core/rows[0].cols[0].pe_inst/acc_out1__30_carry__0_i_8__1/O
                         net (fo=1, routed)           0.000     4.778    accel_inst/accelerator_core/rows[1].cols[0].pe_inst/acc_out1__60_carry__0_i_7__1_1[0]
    SLICE_X10Y37         CARRY4 (Prop_carry4_S[0]_O[1])
                                                      0.427     5.205 r  accel_inst/accelerator_core/rows[1].cols[0].pe_inst/acc_out1__30_carry__0/O[1]
                         net (fo=2, routed)           0.994     6.199    accel_inst/accelerator_core/rows[0].cols[0].pe_inst/acc_out1__60_carry__0_i_5__1_0[0]
    SLICE_X11Y35         LUT4 (Prop_lut4_I2_O)        0.306     6.505 f  accel_inst/accelerator_core/rows[0].cols[0].pe_inst/acc_out1__60_carry__0_i_11__1/O
                         net (fo=4, routed)           1.043     7.548    accel_inst/accelerator_core/rows[0].cols[0].pe_inst/b_out_reg[7]_1
    SLICE_X10Y40         LUT6 (Prop_lut6_I2_O)        0.124     7.672 r  accel_inst/accelerator_core/rows[0].cols[0].pe_inst/acc_out1__60_carry__0_i_2__1/O
                         net (fo=1, routed)           0.626     8.298    accel_inst/accelerator_core/rows[1].cols[0].pe_inst/acc_out_reg[10]_0[1]
    SLICE_X11Y37         CARRY4 (Prop_carry4_DI[2]_CO[3])
                                                      0.398     8.696 r  accel_inst/accelerator_core/rows[1].cols[0].pe_inst/acc_out1__60_carry__0/CO[3]
                         net (fo=1, routed)           0.000     8.696    accel_inst/accelerator_core/rows[1].cols[0].pe_inst/acc_out1__60_carry__0_n_0
    SLICE_X11Y38         CARRY4 (Prop_carry4_CI_O[1])
                                                      0.348     9.044 r  accel_inst/accelerator_core/rows[1].cols[0].pe_inst/acc_out1__60_carry__1/O[1]
                         net (fo=2, routed)           1.295    10.339    accel_inst/accelerator_core/rows[1].cols[0].pe_inst/acc_out1__60_carry__1_n_6
    SLICE_X38Y33         FDRE                                         r  accel_inst/accelerator_core/rows[1].cols[0].pe_inst/acc_out_reg[12]_lopt_replica/D
  -------------------------------------------------------------------    -------------------

Slack:                    inf
  Source:                 dma_inst/dst_data_a_reg[3]/C
                            (rising edge-triggered cell FDRE)
  Destination:            accel_inst/accelerator_core/rows[1].cols[0].pe_inst/acc_out_reg[11]_lopt_replica/D
  Path Group:             (none)
  Path Type:              Max at Slow Process Corner
  Data Path Delay:        10.239ns  (logic 2.256ns (22.034%)  route 7.983ns (77.966%))
  Logic Levels:           8  (CARRY4=3 FDRE=1 LUT4=1 LUT6=3)

    Location             Delay type                Incr(ns)  Path(ns)    Netlist Resource(s)
  -------------------------------------------------------------------    -------------------
    SLICE_X2Y41          FDRE                         0.000     0.000 r  dma_inst/dst_data_a_reg[3]/C
    SLICE_X2Y41          FDRE (Prop_fdre_C_Q)         0.518     0.518 r  dma_inst/dst_data_a_reg[3]/Q
                         net (fo=37, routed)          3.005     3.523    accel_inst/accelerator_core/rows[0].cols[0].pe_inst/a_out_reg[7]_2[3]
    SLICE_X10Y40         LUT6 (Prop_lut6_I5_O)        0.124     3.647 r  accel_inst/accelerator_core/rows[0].cols[0].pe_inst/acc_out1__30_carry__0_i_4__1/O
                         net (fo=2, routed)           1.007     4.654    accel_inst/accelerator_core/rows[0].cols[0].pe_inst/b_out_reg[5]_0[0]
    SLICE_X10Y37         LUT6 (Prop_lut6_I0_O)        0.124     4.778 r  accel_inst/accelerator_core/rows[0].cols[0].pe_inst/acc_out1__30_carry__0_i_8__1/O
                         net (fo=1, routed)           0.000     4.778    accel_inst/accelerator_core/rows[1].cols[0].pe_inst/acc_out1__60_carry__0_i_7__1_1[0]
    SLICE_X10Y37         CARRY4 (Prop_carry4_S[0]_O[1])
                                                      0.427     5.205 r  accel_inst/accelerator_core/rows[1].cols[0].pe_inst/acc_out1__30_carry__0/O[1]
                         net (fo=2, routed)           0.994     6.199    accel_inst/accelerator_core/rows[0].cols[0].pe_inst/acc_out1__60_carry__0_i_5__1_0[0]
    SLICE_X11Y35         LUT4 (Prop_lut4_I2_O)        0.306     6.505 f  accel_inst/accelerator_core/rows[0].cols[0].pe_inst/acc_out1__60_carry__0_i_11__1/O
                         net (fo=4, routed)           1.043     7.548    accel_inst/accelerator_core/rows[0].cols[0].pe_inst/b_out_reg[7]_1
    SLICE_X10Y40         LUT6 (Prop_lut6_I2_O)        0.124     7.672 r  accel_inst/accelerator_core/rows[0].cols[0].pe_inst/acc_out1__60_carry__0_i_2__1/O
                         net (fo=1, routed)           0.626     8.298    accel_inst/accelerator_core/rows[1].cols[0].pe_inst/acc_out_reg[10]_0[1]
    SLICE_X11Y37         CARRY4 (Prop_carry4_DI[2]_CO[3])
                                                      0.398     8.696 r  accel_inst/accelerator_core/rows[1].cols[0].pe_inst/acc_out1__60_carry__0/CO[3]
                         net (fo=1, routed)           0.000     8.696    accel_inst/accelerator_core/rows[1].cols[0].pe_inst/acc_out1__60_carry__0_n_0
    SLICE_X11Y38         CARRY4 (Prop_carry4_CI_O[0])
                                                      0.235     8.931 r  accel_inst/accelerator_core/rows[1].cols[0].pe_inst/acc_out1__60_carry__1/O[0]
                         net (fo=2, routed)           1.308    10.239    accel_inst/accelerator_core/rows[1].cols[0].pe_inst/acc_out1__60_carry__1_n_7
    SLICE_X38Y31         FDRE                                         r  accel_inst/accelerator_core/rows[1].cols[0].pe_inst/acc_out_reg[11]_lopt_replica/D
  -------------------------------------------------------------------    -------------------

Slack:                    inf
  Source:                 dma_inst/dst_data_a_reg[3]/C
                            (rising edge-triggered cell FDRE)
  Destination:            accel_inst/accelerator_core/rows[1].cols[0].pe_inst/acc_out_reg[13]_lopt_replica/D
  Path Group:             (none)
  Path Type:              Max at Slow Process Corner
  Data Path Delay:        10.190ns  (logic 2.277ns (22.345%)  route 7.913ns (77.655%))
  Logic Levels:           8  (CARRY4=3 FDRE=1 LUT4=1 LUT6=3)

    Location             Delay type                Incr(ns)  Path(ns)    Netlist Resource(s)
  -------------------------------------------------------------------    -------------------
    SLICE_X2Y41          FDRE                         0.000     0.000 r  dma_inst/dst_data_a_reg[3]/C
    SLICE_X2Y41          FDRE (Prop_fdre_C_Q)         0.518     0.518 r  dma_inst/dst_data_a_reg[3]/Q
                         net (fo=37, routed)          3.005     3.523    accel_inst/accelerator_core/rows[0].cols[0].pe_inst/a_out_reg[7]_2[3]
    SLICE_X10Y40         LUT6 (Prop_lut6_I5_O)        0.124     3.647 r  accel_inst/accelerator_core/rows[0].cols[0].pe_inst/acc_out1__30_carry__0_i_4__1/O
                         net (fo=2, routed)           1.007     4.654    accel_inst/accelerator_core/rows[0].cols[0].pe_inst/b_out_reg[5]_0[0]
    SLICE_X10Y37         LUT6 (Prop_lut6_I0_O)        0.124     4.778 r  accel_inst/accelerator_core/rows[0].cols[0].pe_inst/acc_out1__30_carry__0_i_8__1/O
                         net (fo=1, routed)           0.000     4.778    accel_inst/accelerator_core/rows[1].cols[0].pe_inst/acc_out1__60_carry__0_i_7__1_1[0]
    SLICE_X10Y37         CARRY4 (Prop_carry4_S[0]_O[1])
                                                      0.427     5.205 r  accel_inst/accelerator_core/rows[1].cols[0].pe_inst/acc_out1__30_carry__0/O[1]
                         net (fo=2, routed)           0.994     6.199    accel_inst/accelerator_core/rows[0].cols[0].pe_inst/acc_out1__60_carry__0_i_5__1_0[0]
    SLICE_X11Y35         LUT4 (Prop_lut4_I2_O)        0.306     6.505 f  accel_inst/accelerator_core/rows[0].cols[0].pe_inst/acc_out1__60_carry__0_i_11__1/O
                         net (fo=4, routed)           1.043     7.548    accel_inst/accelerator_core/rows[0].cols[0].pe_inst/b_out_reg[7]_1
    SLICE_X10Y40         LUT6 (Prop_lut6_I2_O)        0.124     7.672 r  accel_inst/accelerator_core/rows[0].cols[0].pe_inst/acc_out1__60_carry__0_i_2__1/O
                         net (fo=1, routed)           0.626     8.298    accel_inst/accelerator_core/rows[1].cols[0].pe_inst/acc_out_reg[10]_0[1]
    SLICE_X11Y37         CARRY4 (Prop_carry4_DI[2]_CO[3])
                                                      0.398     8.696 r  accel_inst/accelerator_core/rows[1].cols[0].pe_inst/acc_out1__60_carry__0/CO[3]
                         net (fo=1, routed)           0.000     8.696    accel_inst/accelerator_core/rows[1].cols[0].pe_inst/acc_out1__60_carry__0_n_0
    SLICE_X11Y38         CARRY4 (Prop_carry4_CI_O[2])
                                                      0.256     8.952 r  accel_inst/accelerator_core/rows[1].cols[0].pe_inst/acc_out1__60_carry__1/O[2]
                         net (fo=2, routed)           1.239    10.190    accel_inst/accelerator_core/rows[1].cols[0].pe_inst/acc_out1__60_carry__1_n_5
    SLICE_X38Y33         FDRE                                         r  accel_inst/accelerator_core/rows[1].cols[0].pe_inst/acc_out_reg[13]_lopt_replica/D
  -------------------------------------------------------------------    -------------------

Slack:                    inf
  Source:                 dma_inst/dst_data_a_reg[3]/C
                            (rising edge-triggered cell FDRE)
  Destination:            accel_inst/accelerator_core/rows[1].cols[0].pe_inst/acc_out_reg[15]_lopt_replica/D
  Path Group:             (none)
  Path Type:              Max at Slow Process Corner
  Data Path Delay:        10.157ns  (logic 2.370ns (23.333%)  route 7.787ns (76.667%))
  Logic Levels:           9  (CARRY4=4 FDRE=1 LUT4=1 LUT6=3)

    Location             Delay type                Incr(ns)  Path(ns)    Netlist Resource(s)
  -------------------------------------------------------------------    -------------------
    SLICE_X2Y41          FDRE                         0.000     0.000 r  dma_inst/dst_data_a_reg[3]/C
    SLICE_X2Y41          FDRE (Prop_fdre_C_Q)         0.518     0.518 r  dma_inst/dst_data_a_reg[3]/Q
                         net (fo=37, routed)          3.005     3.523    accel_inst/accelerator_core/rows[0].cols[0].pe_inst/a_out_reg[7]_2[3]
    SLICE_X10Y40         LUT6 (Prop_lut6_I5_O)        0.124     3.647 r  accel_inst/accelerator_core/rows[0].cols[0].pe_inst/acc_out1__30_carry__0_i_4__1/O
                         net (fo=2, routed)           1.007     4.654    accel_inst/accelerator_core/rows[0].cols[0].pe_inst/b_out_reg[5]_0[0]
    SLICE_X10Y37         LUT6 (Prop_lut6_I0_O)        0.124     4.778 r  accel_inst/accelerator_core/rows[0].cols[0].pe_inst/acc_out1__30_carry__0_i_8__1/O
                         net (fo=1, routed)           0.000     4.778    accel_inst/accelerator_core/rows[1].cols[0].pe_inst/acc_out1__60_carry__0_i_7__1_1[0]
    SLICE_X10Y37         CARRY4 (Prop_carry4_S[0]_O[1])
                                                      0.427     5.205 r  accel_inst/accelerator_core/rows[1].cols[0].pe_inst/acc_out1__30_carry__0/O[1]
                         net (fo=2, routed)           0.994     6.199    accel_inst/accelerator_core/rows[0].cols[0].pe_inst/acc_out1__60_carry__0_i_5__1_0[0]
    SLICE_X11Y35         LUT4 (Prop_lut4_I2_O)        0.306     6.505 f  accel_inst/accelerator_core/rows[0].cols[0].pe_inst/acc_out1__60_carry__0_i_11__1/O
                         net (fo=4, routed)           1.043     7.548    accel_inst/accelerator_core/rows[0].cols[0].pe_inst/b_out_reg[7]_1
    SLICE_X10Y40         LUT6 (Prop_lut6_I2_O)        0.124     7.672 r  accel_inst/accelerator_core/rows[0].cols[0].pe_inst/acc_out1__60_carry__0_i_2__1/O
                         net (fo=1, routed)           0.626     8.298    accel_inst/accelerator_core/rows[1].cols[0].pe_inst/acc_out_reg[10]_0[1]
    SLICE_X11Y37         CARRY4 (Prop_carry4_DI[2]_CO[3])
                                                      0.398     8.696 r  accel_inst/accelerator_core/rows[1].cols[0].pe_inst/acc_out1__60_carry__0/CO[3]
                         net (fo=1, routed)           0.000     8.696    accel_inst/accelerator_core/rows[1].cols[0].pe_inst/acc_out1__60_carry__0_n_0
    SLICE_X11Y38         CARRY4 (Prop_carry4_CI_CO[3])
                                                      0.114     8.810 r  accel_inst/accelerator_core/rows[1].cols[0].pe_inst/acc_out1__60_carry__1/CO[3]
                         net (fo=1, routed)           0.000     8.810    accel_inst/accelerator_core/rows[1].cols[0].pe_inst/acc_out1__60_carry__1_n_0
    SLICE_X11Y39         CARRY4 (Prop_carry4_CI_O[0])
                                                      0.235     9.045 r  accel_inst/accelerator_core/rows[1].cols[0].pe_inst/acc_out1__60_carry__2/O[0]
                         net (fo=2, routed)           1.113    10.157    accel_inst/accelerator_core/rows[1].cols[0].pe_inst/acc_out1__60_carry__2_n_7
    SLICE_X38Y37         FDRE                                         r  accel_inst/accelerator_core/rows[1].cols[0].pe_inst/acc_out_reg[15]_lopt_replica/D
  -------------------------------------------------------------------    -------------------

Slack:                    inf
  Source:                 dma_inst/dst_data_a_reg[3]/C
                            (rising edge-triggered cell FDRE)
  Destination:            accel_inst/accelerator_core/rows[1].cols[0].pe_inst/acc_out_reg[14]_lopt_replica/D
  Path Group:             (none)
  Path Type:              Max at Slow Process Corner
  Data Path Delay:        10.119ns  (logic 2.350ns (23.224%)  route 7.769ns (76.776%))
  Logic Levels:           8  (CARRY4=3 FDRE=1 LUT4=1 LUT6=3)

    Location             Delay type                Incr(ns)  Path(ns)    Netlist Resource(s)
  -------------------------------------------------------------------    -------------------
    SLICE_X2Y41          FDRE                         0.000     0.000 r  dma_inst/dst_data_a_reg[3]/C
    SLICE_X2Y41          FDRE (Prop_fdre_C_Q)         0.518     0.518 r  dma_inst/dst_data_a_reg[3]/Q
                         net (fo=37, routed)          3.005     3.523    accel_inst/accelerator_core/rows[0].cols[0].pe_inst/a_out_reg[7]_2[3]
    SLICE_X10Y40         LUT6 (Prop_lut6_I5_O)        0.124     3.647 r  accel_inst/accelerator_core/rows[0].cols[0].pe_inst/acc_out1__30_carry__0_i_4__1/O
                         net (fo=2, routed)           1.007     4.654    accel_inst/accelerator_core/rows[0].cols[0].pe_inst/b_out_reg[5]_0[0]
    SLICE_X10Y37         LUT6 (Prop_lut6_I0_O)        0.124     4.778 r  accel_inst/accelerator_core/rows[0].cols[0].pe_inst/acc_out1__30_carry__0_i_8__1/O
                         net (fo=1, routed)           0.000     4.778    accel_inst/accelerator_core/rows[1].cols[0].pe_inst/acc_out1__60_carry__0_i_7__1_1[0]
    SLICE_X10Y37         CARRY4 (Prop_carry4_S[0]_O[1])
                                                      0.427     5.205 r  accel_inst/accelerator_core/rows[1].cols[0].pe_inst/acc_out1__30_carry__0/O[1]
                         net (fo=2, routed)           0.994     6.199    accel_inst/accelerator_core/rows[0].cols[0].pe_inst/acc_out1__60_carry__0_i_5__1_0[0]
    SLICE_X11Y35         LUT4 (Prop_lut4_I2_O)        0.306     6.505 f  accel_inst/accelerator_core/rows[0].cols[0].pe_inst/acc_out1__60_carry__0_i_11__1/O
                         net (fo=4, routed)           1.043     7.548    accel_inst/accelerator_core/rows[0].cols[0].pe_inst/b_out_reg[7]_1
    SLICE_X10Y40         LUT6 (Prop_lut6_I2_O)        0.124     7.672 r  accel_inst/accelerator_core/rows[0].cols[0].pe_inst/acc_out1__60_carry__0_i_2__1/O
                         net (fo=1, routed)           0.626     8.298    accel_inst/accelerator_core/rows[1].cols[0].pe_inst/acc_out_reg[10]_0[1]
    SLICE_X11Y37         CARRY4 (Prop_carry4_DI[2]_CO[3])
                                                      0.398     8.696 r  accel_inst/accelerator_core/rows[1].cols[0].pe_inst/acc_out1__60_carry__0/CO[3]
                         net (fo=1, routed)           0.000     8.696    accel_inst/accelerator_core/rows[1].cols[0].pe_inst/acc_out1__60_carry__0_n_0
    SLICE_X11Y38         CARRY4 (Prop_carry4_CI_O[3])
                                                      0.329     9.025 r  accel_inst/accelerator_core/rows[1].cols[0].pe_inst/acc_out1__60_carry__1/O[3]
                         net (fo=2, routed)           1.094    10.119    accel_inst/accelerator_core/rows[1].cols[0].pe_inst/acc_out1__60_carry__1_n_4
    SLICE_X38Y37         FDRE                                         r  accel_inst/accelerator_core/rows[1].cols[0].pe_inst/acc_out_reg[14]_lopt_replica/D
  -------------------------------------------------------------------    -------------------

Slack:                    inf
  Source:                 accel_inst/accelerator_core/rows[0].cols[0].pe_inst/a_out_reg[5]/C
                            (rising edge-triggered cell FDRE)
  Destination:            accel_inst/accelerator_core/rows[1].cols[1].pe_inst/acc_out_reg[15]/D
  Path Group:             (none)
  Path Type:              Max at Slow Process Corner
  Data Path Delay:        10.083ns  (logic 3.491ns (34.623%)  route 6.592ns (65.377%))
  Logic Levels:           10  (CARRY4=4 FDRE=1 LUT2=1 LUT4=1 LUT6=3)

    Location             Delay type                Incr(ns)  Path(ns)    Netlist Resource(s)
  -------------------------------------------------------------------    -------------------
    SLICE_X5Y39          FDRE                         0.000     0.000 r  accel_inst/accelerator_core/rows[0].cols[0].pe_inst/a_out_reg[5]/C
    SLICE_X5Y39          FDRE (Prop_fdre_C_Q)         0.456     0.456 r  accel_inst/accelerator_core/rows[0].cols[0].pe_inst/a_out_reg[5]/Q
                         net (fo=40, routed)          1.702     2.158    accel_inst/accelerator_core/rows[0].cols[0].pe_inst/Q[5]
    SLICE_X6Y33          LUT6 (Prop_lut6_I3_O)        0.124     2.282 r  accel_inst/accelerator_core/rows[0].cols[0].pe_inst/acc_out1__0_carry__0_i_1__2/O
                         net (fo=2, routed)           0.901     3.183    accel_inst/accelerator_core/rows[0].cols[0].pe_inst/b_out_reg[2]_2[3]
    SLICE_X7Y33          LUT6 (Prop_lut6_I0_O)        0.124     3.307 r  accel_inst/accelerator_core/rows[0].cols[0].pe_inst/acc_out1__0_carry__0_i_5__2/O
                         net (fo=1, routed)           0.000     3.307    accel_inst/accelerator_core/rows[1].cols[1].pe_inst/acc_out1__60_carry_1[3]
    SLICE_X7Y33          CARRY4 (Prop_carry4_S[3]_CO[3])
                                                      0.401     3.708 r  accel_inst/accelerator_core/rows[1].cols[1].pe_inst/acc_out1__0_carry__0/CO[3]
                         net (fo=1, routed)           0.000     3.708    accel_inst/accelerator_core/rows[1].cols[1].pe_inst/acc_out1__0_carry__0_n_0
    SLICE_X7Y34          CARRY4 (Prop_carry4_CI_CO[2])
                                                      0.228     3.936 r  accel_inst/accelerator_core/rows[1].cols[1].pe_inst/acc_out1__0_carry__1/CO[2]
                         net (fo=2, routed)           1.339     5.275    accel_inst/accelerator_core/rows[0].cols[0].pe_inst/acc_out1__60_carry__0_i_5__2_1[0]
    SLICE_X6Y37          LUT4 (Prop_lut4_I1_O)        0.339     5.614 r  accel_inst/accelerator_core/rows[0].cols[0].pe_inst/acc_out1__60_carry__1_i_11__2/O
                         net (fo=3, routed)           1.337     6.952    accel_inst/accelerator_core/rows[0].cols[0].pe_inst/acc_out1__60_carry__1_i_11__2_n_0
    SLICE_X9Y39          LUT6 (Prop_lut6_I5_O)        0.328     7.280 r  accel_inst/accelerator_core/rows[0].cols[0].pe_inst/acc_out1__60_carry__1_i_3__2/O
                         net (fo=1, routed)           0.473     7.752    accel_inst/accelerator_core/rows[1].cols[1].pe_inst/acc_out0_carry__1_i_1__0[1]
    SLICE_X8Y38          CARRY4 (Prop_carry4_DI[1]_O[2])
                                                      0.547     8.299 r  accel_inst/accelerator_core/rows[1].cols[1].pe_inst/acc_out1__60_carry__1/O[2]
                         net (fo=1, routed)           0.839     9.139    accel_inst/accelerator_core/rows[1].cols[0].pe_inst/acc_out_reg[15]_3[2]
    SLICE_X12Y39         LUT2 (Prop_lut2_I1_O)        0.301     9.440 r  accel_inst/accelerator_core/rows[1].cols[0].pe_inst/acc_out0_carry__2_i_3__0/O
                         net (fo=1, routed)           0.000     9.440    accel_inst/accelerator_core/rows[1].cols[1].pe_inst/acc_out_reg[15]_2[1]
    SLICE_X12Y39         CARRY4 (Prop_carry4_S[1]_O[3])
                                                      0.643    10.083 r  accel_inst/accelerator_core/rows[1].cols[1].pe_inst/acc_out0_carry__2/O[3]
                         net (fo=1, routed)           0.000    10.083    accel_inst/accelerator_core/rows[1].cols[1].pe_inst/acc_out0_carry__2_n_4
    SLICE_X12Y39         FDRE                                         r  accel_inst/accelerator_core/rows[1].cols[1].pe_inst/acc_out_reg[15]/D
  -------------------------------------------------------------------    -------------------

Slack:                    inf
  Source:                 accel_inst/accelerator_core/rows[0].cols[0].pe_inst/a_out_reg[5]/C
                            (rising edge-triggered cell FDRE)
  Destination:            accel_inst/accelerator_core/rows[1].cols[1].pe_inst/acc_out_reg[14]/D
  Path Group:             (none)
  Path Type:              Max at Slow Process Corner
  Data Path Delay:        10.018ns  (logic 3.426ns (34.199%)  route 6.592ns (65.801%))
  Logic Levels:           10  (CARRY4=4 FDRE=1 LUT2=1 LUT4=1 LUT6=3)

    Location             Delay type                Incr(ns)  Path(ns)    Netlist Resource(s)
  -------------------------------------------------------------------    -------------------
    SLICE_X5Y39          FDRE                         0.000     0.000 r  accel_inst/accelerator_core/rows[0].cols[0].pe_inst/a_out_reg[5]/C
    SLICE_X5Y39          FDRE (Prop_fdre_C_Q)         0.456     0.456 r  accel_inst/accelerator_core/rows[0].cols[0].pe_inst/a_out_reg[5]/Q
                         net (fo=40, routed)          1.702     2.158    accel_inst/accelerator_core/rows[0].cols[0].pe_inst/Q[5]
    SLICE_X6Y33          LUT6 (Prop_lut6_I3_O)        0.124     2.282 r  accel_inst/accelerator_core/rows[0].cols[0].pe_inst/acc_out1__0_carry__0_i_1__2/O
                         net (fo=2, routed)           0.901     3.183    accel_inst/accelerator_core/rows[0].cols[0].pe_inst/b_out_reg[2]_2[3]
    SLICE_X7Y33          LUT6 (Prop_lut6_I0_O)        0.124     3.307 r  accel_inst/accelerator_core/rows[0].cols[0].pe_inst/acc_out1__0_carry__0_i_5__2/O
                         net (fo=1, routed)           0.000     3.307    accel_inst/accelerator_core/rows[1].cols[1].pe_inst/acc_out1__60_carry_1[3]
    SLICE_X7Y33          CARRY4 (Prop_carry4_S[3]_CO[3])
                                                      0.401     3.708 r  accel_inst/accelerator_core/rows[1].cols[1].pe_inst/acc_out1__0_carry__0/CO[3]
                         net (fo=1, routed)           0.000     3.708    accel_inst/accelerator_core/rows[1].cols[1].pe_inst/acc_out1__0_carry__0_n_0
    SLICE_X7Y34          CARRY4 (Prop_carry4_CI_CO[2])
                                                      0.228     3.936 r  accel_inst/accelerator_core/rows[1].cols[1].pe_inst/acc_out1__0_carry__1/CO[2]
                         net (fo=2, routed)           1.339     5.275    accel_inst/accelerator_core/rows[0].cols[0].pe_inst/acc_out1__60_carry__0_i_5__2_1[0]
    SLICE_X6Y37          LUT4 (Prop_lut4_I1_O)        0.339     5.614 r  accel_inst/accelerator_core/rows[0].cols[0].pe_inst/acc_out1__60_carry__1_i_11__2/O
                         net (fo=3, routed)           1.337     6.952    accel_inst/accelerator_core/rows[0].cols[0].pe_inst/acc_out1__60_carry__1_i_11__2_n_0
    SLICE_X9Y39          LUT6 (Prop_lut6_I5_O)        0.328     7.280 r  accel_inst/accelerator_core/rows[0].cols[0].pe_inst/acc_out1__60_carry__1_i_3__2/O
                         net (fo=1, routed)           0.473     7.752    accel_inst/accelerator_core/rows[1].cols[1].pe_inst/acc_out0_carry__1_i_1__0[1]
    SLICE_X8Y38          CARRY4 (Prop_carry4_DI[1]_O[2])
                                                      0.547     8.299 r  accel_inst/accelerator_core/rows[1].cols[1].pe_inst/acc_out1__60_carry__1/O[2]
                         net (fo=1, routed)           0.839     9.139    accel_inst/accelerator_core/rows[1].cols[0].pe_inst/acc_out_reg[15]_3[2]
    SLICE_X12Y39         LUT2 (Prop_lut2_I1_O)        0.301     9.440 r  accel_inst/accelerator_core/rows[1].cols[0].pe_inst/acc_out0_carry__2_i_3__0/O
                         net (fo=1, routed)           0.000     9.440    accel_inst/accelerator_core/rows[1].cols[1].pe_inst/acc_out_reg[15]_2[1]
    SLICE_X12Y39         CARRY4 (Prop_carry4_S[1]_O[2])
                                                      0.578    10.018 r  accel_inst/accelerator_core/rows[1].cols[1].pe_inst/acc_out0_carry__2/O[2]
                         net (fo=1, routed)           0.000    10.018    accel_inst/accelerator_core/rows[1].cols[1].pe_inst/acc_out0_carry__2_n_5
    SLICE_X12Y39         FDRE                                         r  accel_inst/accelerator_core/rows[1].cols[1].pe_inst/acc_out_reg[14]/D
  -------------------------------------------------------------------    -------------------

Slack:                    inf
  Source:                 dma_inst/dst_data_a_reg[3]/C
                            (rising edge-triggered cell FDRE)
  Destination:            accel_inst/accelerator_core/rows[1].cols[0].pe_inst/acc_out_reg[10]_lopt_replica/D
  Path Group:             (none)
  Path Type:              Max at Slow Process Corner
  Data Path Delay:        9.897ns  (logic 2.078ns (20.997%)  route 7.819ns (79.003%))
  Logic Levels:           7  (CARRY4=2 FDRE=1 LUT4=1 LUT6=3)

    Location             Delay type                Incr(ns)  Path(ns)    Netlist Resource(s)
  -------------------------------------------------------------------    -------------------
    SLICE_X2Y41          FDRE                         0.000     0.000 r  dma_inst/dst_data_a_reg[3]/C
    SLICE_X2Y41          FDRE (Prop_fdre_C_Q)         0.518     0.518 r  dma_inst/dst_data_a_reg[3]/Q
                         net (fo=37, routed)          3.005     3.523    accel_inst/accelerator_core/rows[0].cols[0].pe_inst/a_out_reg[7]_2[3]
    SLICE_X10Y40         LUT6 (Prop_lut6_I5_O)        0.124     3.647 r  accel_inst/accelerator_core/rows[0].cols[0].pe_inst/acc_out1__30_carry__0_i_4__1/O
                         net (fo=2, routed)           1.007     4.654    accel_inst/accelerator_core/rows[0].cols[0].pe_inst/b_out_reg[5]_0[0]
    SLICE_X10Y37         LUT6 (Prop_lut6_I0_O)        0.124     4.778 r  accel_inst/accelerator_core/rows[0].cols[0].pe_inst/acc_out1__30_carry__0_i_8__1/O
                         net (fo=1, routed)           0.000     4.778    accel_inst/accelerator_core/rows[1].cols[0].pe_inst/acc_out1__60_carry__0_i_7__1_1[0]
    SLICE_X10Y37         CARRY4 (Prop_carry4_S[0]_O[1])
                                                      0.427     5.205 r  accel_inst/accelerator_core/rows[1].cols[0].pe_inst/acc_out1__30_carry__0/O[1]
                         net (fo=2, routed)           0.994     6.199    accel_inst/accelerator_core/rows[0].cols[0].pe_inst/acc_out1__60_carry__0_i_5__1_0[0]
    SLICE_X11Y35         LUT4 (Prop_lut4_I2_O)        0.306     6.505 f  accel_inst/accelerator_core/rows[0].cols[0].pe_inst/acc_out1__60_carry__0_i_11__1/O
                         net (fo=4, routed)           1.043     7.548    accel_inst/accelerator_core/rows[0].cols[0].pe_inst/b_out_reg[7]_1
    SLICE_X10Y40         LUT6 (Prop_lut6_I2_O)        0.124     7.672 r  accel_inst/accelerator_core/rows[0].cols[0].pe_inst/acc_out1__60_carry__0_i_2__1/O
                         net (fo=1, routed)           0.626     8.298    accel_inst/accelerator_core/rows[1].cols[0].pe_inst/acc_out_reg[10]_0[1]
    SLICE_X11Y37         CARRY4 (Prop_carry4_DI[2]_O[3])
                                                      0.455     8.753 r  accel_inst/accelerator_core/rows[1].cols[0].pe_inst/acc_out1__60_carry__0/O[3]
                         net (fo=2, routed)           1.144     9.897    accel_inst/accelerator_core/rows[1].cols[0].pe_inst/acc_out1__60_carry__0_n_4
    SLICE_X38Y31         FDRE                                         r  accel_inst/accelerator_core/rows[1].cols[0].pe_inst/acc_out_reg[10]_lopt_replica/D
  -------------------------------------------------------------------    -------------------

Slack:                    inf
  Source:                 dma_inst/dst_data_a_reg[3]/C
                            (rising edge-triggered cell FDRE)
  Destination:            accel_inst/accelerator_core/rows[1].cols[0].pe_inst/acc_out_reg[9]_lopt_replica/D
  Path Group:             (none)
  Path Type:              Max at Slow Process Corner
  Data Path Delay:        9.756ns  (logic 2.177ns (22.315%)  route 7.579ns (77.685%))
  Logic Levels:           7  (CARRY4=2 FDRE=1 LUT4=1 LUT6=3)

    Location             Delay type                Incr(ns)  Path(ns)    Netlist Resource(s)
  -------------------------------------------------------------------    -------------------
    SLICE_X2Y41          FDRE                         0.000     0.000 r  dma_inst/dst_data_a_reg[3]/C
    SLICE_X2Y41          FDRE (Prop_fdre_C_Q)         0.518     0.518 r  dma_inst/dst_data_a_reg[3]/Q
                         net (fo=37, routed)          3.005     3.523    accel_inst/accelerator_core/rows[0].cols[0].pe_inst/a_out_reg[7]_2[3]
    SLICE_X10Y40         LUT6 (Prop_lut6_I5_O)        0.124     3.647 r  accel_inst/accelerator_core/rows[0].cols[0].pe_inst/acc_out1__30_carry__0_i_4__1/O
                         net (fo=2, routed)           1.007     4.654    accel_inst/accelerator_core/rows[0].cols[0].pe_inst/b_out_reg[5]_0[0]
    SLICE_X10Y37         LUT6 (Prop_lut6_I0_O)        0.124     4.778 r  accel_inst/accelerator_core/rows[0].cols[0].pe_inst/acc_out1__30_carry__0_i_8__1/O
                         net (fo=1, routed)           0.000     4.778    accel_inst/accelerator_core/rows[1].cols[0].pe_inst/acc_out1__60_carry__0_i_7__1_1[0]
    SLICE_X10Y37         CARRY4 (Prop_carry4_S[0]_O[1])
                                                      0.427     5.205 r  accel_inst/accelerator_core/rows[1].cols[0].pe_inst/acc_out1__30_carry__0/O[1]
                         net (fo=2, routed)           0.994     6.199    accel_inst/accelerator_core/rows[0].cols[0].pe_inst/acc_out1__60_carry__0_i_5__1_0[0]
    SLICE_X11Y35         LUT4 (Prop_lut4_I2_O)        0.306     6.505 r  accel_inst/accelerator_core/rows[0].cols[0].pe_inst/acc_out1__60_carry__0_i_11__1/O
                         net (fo=4, routed)           0.765     7.270    accel_inst/accelerator_core/rows[0].cols[0].pe_inst/b_out_reg[7]_1
    SLICE_X10Y40         LUT6 (Prop_lut6_I0_O)        0.124     7.394 r  accel_inst/accelerator_core/rows[0].cols[0].pe_inst/acc_out1__60_carry__0_i_3__1/O
                         net (fo=1, routed)           0.668     8.062    accel_inst/accelerator_core/rows[1].cols[0].pe_inst/acc_out_reg[10]_0[0]
    SLICE_X11Y37         CARRY4 (Prop_carry4_DI[1]_O[2])
                                                      0.554     8.616 r  accel_inst/accelerator_core/rows[1].cols[0].pe_inst/acc_out1__60_carry__0/O[2]
                         net (fo=2, routed)           1.140     9.756    accel_inst/accelerator_core/rows[1].cols[0].pe_inst/acc_out1__60_carry__0_n_5
    SLICE_X38Y31         FDRE                                         r  accel_inst/accelerator_core/rows[1].cols[0].pe_inst/acc_out_reg[9]_lopt_replica/D
  -------------------------------------------------------------------    -------------------

Slack:                    inf
  Source:                 accel_inst/accelerator_core/rows[0].cols[0].pe_inst/a_out_reg[5]/C
                            (rising edge-triggered cell FDRE)
  Destination:            accel_inst/accelerator_core/rows[1].cols[1].pe_inst/acc_out_reg[13]/D
  Path Group:             (none)
  Path Type:              Max at Slow Process Corner
  Data Path Delay:        9.670ns  (logic 3.078ns (31.831%)  route 6.592ns (68.169%))
  Logic Levels:           10  (CARRY4=4 FDRE=1 LUT2=1 LUT4=1 LUT6=3)

    Location             Delay type                Incr(ns)  Path(ns)    Netlist Resource(s)
  -------------------------------------------------------------------    -------------------
    SLICE_X5Y39          FDRE                         0.000     0.000 r  accel_inst/accelerator_core/rows[0].cols[0].pe_inst/a_out_reg[5]/C
    SLICE_X5Y39          FDRE (Prop_fdre_C_Q)         0.456     0.456 r  accel_inst/accelerator_core/rows[0].cols[0].pe_inst/a_out_reg[5]/Q
                         net (fo=40, routed)          1.702     2.158    accel_inst/accelerator_core/rows[0].cols[0].pe_inst/Q[5]
    SLICE_X6Y33          LUT6 (Prop_lut6_I3_O)        0.124     2.282 r  accel_inst/accelerator_core/rows[0].cols[0].pe_inst/acc_out1__0_carry__0_i_1__2/O
                         net (fo=2, routed)           0.901     3.183    accel_inst/accelerator_core/rows[0].cols[0].pe_inst/b_out_reg[2]_2[3]
    SLICE_X7Y33          LUT6 (Prop_lut6_I0_O)        0.124     3.307 r  accel_inst/accelerator_core/rows[0].cols[0].pe_inst/acc_out1__0_carry__0_i_5__2/O
                         net (fo=1, routed)           0.000     3.307    accel_inst/accelerator_core/rows[1].cols[1].pe_inst/acc_out1__60_carry_1[3]
    SLICE_X7Y33          CARRY4 (Prop_carry4_S[3]_CO[3])
                                                      0.401     3.708 r  accel_inst/accelerator_core/rows[1].cols[1].pe_inst/acc_out1__0_carry__0/CO[3]
                         net (fo=1, routed)           0.000     3.708    accel_inst/accelerator_core/rows[1].cols[1].pe_inst/acc_out1__0_carry__0_n_0
    SLICE_X7Y34          CARRY4 (Prop_carry4_CI_CO[2])
                                                      0.228     3.936 r  accel_inst/accelerator_core/rows[1].cols[1].pe_inst/acc_out1__0_carry__1/CO[2]
                         net (fo=2, routed)           1.339     5.275    accel_inst/accelerator_core/rows[0].cols[0].pe_inst/acc_out1__60_carry__0_i_5__2_1[0]
    SLICE_X6Y37          LUT4 (Prop_lut4_I1_O)        0.339     5.614 r  accel_inst/accelerator_core/rows[0].cols[0].pe_inst/acc_out1__60_carry__1_i_11__2/O
                         net (fo=3, routed)           1.337     6.952    accel_inst/accelerator_core/rows[0].cols[0].pe_inst/acc_out1__60_carry__1_i_11__2_n_0
    SLICE_X9Y39          LUT6 (Prop_lut6_I5_O)        0.328     7.280 r  accel_inst/accelerator_core/rows[0].cols[0].pe_inst/acc_out1__60_carry__1_i_3__2/O
                         net (fo=1, routed)           0.473     7.752    accel_inst/accelerator_core/rows[1].cols[1].pe_inst/acc_out0_carry__1_i_1__0[1]
    SLICE_X8Y38          CARRY4 (Prop_carry4_DI[1]_O[2])
                                                      0.547     8.299 r  accel_inst/accelerator_core/rows[1].cols[1].pe_inst/acc_out1__60_carry__1/O[2]
                         net (fo=1, routed)           0.839     9.139    accel_inst/accelerator_core/rows[1].cols[0].pe_inst/acc_out_reg[15]_3[2]
    SLICE_X12Y39         LUT2 (Prop_lut2_I1_O)        0.301     9.440 r  accel_inst/accelerator_core/rows[1].cols[0].pe_inst/acc_out0_carry__2_i_3__0/O
                         net (fo=1, routed)           0.000     9.440    accel_inst/accelerator_core/rows[1].cols[1].pe_inst/acc_out_reg[15]_2[1]
    SLICE_X12Y39         CARRY4 (Prop_carry4_S[1]_O[1])
                                                      0.230     9.670 r  accel_inst/accelerator_core/rows[1].cols[1].pe_inst/acc_out0_carry__2/O[1]
                         net (fo=1, routed)           0.000     9.670    accel_inst/accelerator_core/rows[1].cols[1].pe_inst/acc_out0_carry__2_n_6
    SLICE_X12Y39         FDRE                                         r  accel_inst/accelerator_core/rows[1].cols[1].pe_inst/acc_out_reg[13]/D
  -------------------------------------------------------------------    -------------------





Min Delay Paths
--------------------------------------------------------------------------------------
Slack:                    inf
  Source:                 dma_inst/FSM_onehot_state_reg[0]/C
                            (rising edge-triggered cell FDRE)
  Destination:            dma_inst/FSM_onehot_state_reg[2]/D
  Path Group:             (none)
  Path Type:              Min at Fast Process Corner
  Data Path Delay:        0.341ns  (logic 0.186ns (54.601%)  route 0.155ns (45.399%))
  Logic Levels:           2  (FDRE=1 LUT6=1)

    Location             Delay type                Incr(ns)  Path(ns)    Netlist Resource(s)
  -------------------------------------------------------------------    -------------------
    SLICE_X0Y21          FDRE                         0.000     0.000 r  dma_inst/FSM_onehot_state_reg[0]/C
    SLICE_X0Y21          FDRE (Prop_fdre_C_Q)         0.141     0.141 r  dma_inst/FSM_onehot_state_reg[0]/Q
                         net (fo=4, routed)           0.155     0.296    dma_inst/FSM_onehot_state_reg_n_0_[0]
    SLICE_X0Y21          LUT6 (Prop_lut6_I1_O)        0.045     0.341 r  dma_inst/FSM_onehot_state[2]_i_1/O
                         net (fo=1, routed)           0.000     0.341    dma_inst/FSM_onehot_state[2]_i_1_n_0
    SLICE_X0Y21          FDRE                                         r  dma_inst/FSM_onehot_state_reg[2]/D
  -------------------------------------------------------------------    -------------------

Slack:                    inf
  Source:                 dma_inst/src_addr_a_reg[1]/C
                            (rising edge-triggered cell FDRE)
  Destination:            dma_inst/src_addr_a_reg[2]/D
  Path Group:             (none)
  Path Type:              Min at Fast Process Corner
  Data Path Delay:        0.350ns  (logic 0.183ns (52.255%)  route 0.167ns (47.745%))
  Logic Levels:           2  (FDRE=1 LUT4=1)

    Location             Delay type                Incr(ns)  Path(ns)    Netlist Resource(s)
  -------------------------------------------------------------------    -------------------
    SLICE_X1Y21          FDRE                         0.000     0.000 r  dma_inst/src_addr_a_reg[1]/C
    SLICE_X1Y21          FDRE (Prop_fdre_C_Q)         0.141     0.141 r  dma_inst/src_addr_a_reg[1]/Q
                         net (fo=4, routed)           0.167     0.308    dma_inst/src_addr_a_reg_n_0_[1]
    SLICE_X1Y21          LUT4 (Prop_lut4_I2_O)        0.042     0.350 r  dma_inst/src_addr_a[2]_i_1/O
                         net (fo=1, routed)           0.000     0.350    dma_inst/src_addr_a[2]_i_1_n_0
    SLICE_X1Y21          FDRE                                         r  dma_inst/src_addr_a_reg[2]/D
  -------------------------------------------------------------------    -------------------

Slack:                    inf
  Source:                 dma_inst/src_addr_a_reg[1]/C
                            (rising edge-triggered cell FDRE)
  Destination:            dma_inst/src_addr_a_reg[1]/D
  Path Group:             (none)
  Path Type:              Min at Fast Process Corner
  Data Path Delay:        0.353ns  (logic 0.186ns (52.660%)  route 0.167ns (47.340%))
  Logic Levels:           2  (FDRE=1 LUT3=1)

    Location             Delay type                Incr(ns)  Path(ns)    Netlist Resource(s)
  -------------------------------------------------------------------    -------------------
    SLICE_X1Y21          FDRE                         0.000     0.000 r  dma_inst/src_addr_a_reg[1]/C
    SLICE_X1Y21          FDRE (Prop_fdre_C_Q)         0.141     0.141 r  dma_inst/src_addr_a_reg[1]/Q
                         net (fo=4, routed)           0.167     0.308    dma_inst/src_addr_a_reg_n_0_[1]
    SLICE_X1Y21          LUT3 (Prop_lut3_I1_O)        0.045     0.353 r  dma_inst/src_addr_a[1]_i_1/O
                         net (fo=1, routed)           0.000     0.353    dma_inst/src_addr_a[1]_i_1_n_0
    SLICE_X1Y21          FDRE                                         r  dma_inst/src_addr_a_reg[1]/D
  -------------------------------------------------------------------    -------------------

Slack:                    inf
  Source:                 dma_inst/src_addr_a_reg[1]/C
                            (rising edge-triggered cell FDRE)
  Destination:            dma_inst/src_addr_a_reg[3]/D
  Path Group:             (none)
  Path Type:              Min at Fast Process Corner
  Data Path Delay:        0.355ns  (logic 0.186ns (52.364%)  route 0.169ns (47.636%))
  Logic Levels:           2  (FDRE=1 LUT5=1)

    Location             Delay type                Incr(ns)  Path(ns)    Netlist Resource(s)
  -------------------------------------------------------------------    -------------------
    SLICE_X1Y21          FDRE                         0.000     0.000 r  dma_inst/src_addr_a_reg[1]/C
    SLICE_X1Y21          FDRE (Prop_fdre_C_Q)         0.141     0.141 r  dma_inst/src_addr_a_reg[1]/Q
                         net (fo=4, routed)           0.169     0.310    dma_inst/src_addr_a_reg_n_0_[1]
    SLICE_X1Y21          LUT5 (Prop_lut5_I4_O)        0.045     0.355 r  dma_inst/src_addr_a[3]_i_2/O
                         net (fo=1, routed)           0.000     0.355    dma_inst/src_addr_a[3]_i_2_n_0
    SLICE_X1Y21          FDRE                                         r  dma_inst/src_addr_a_reg[3]/D
  -------------------------------------------------------------------    -------------------

Slack:                    inf
  Source:                 dma_inst/FSM_onehot_state_reg[1]/C
                            (rising edge-triggered cell FDRE)
  Destination:            dma_inst/src_addr_a_reg[0]/D
  Path Group:             (none)
  Path Type:              Min at Fast Process Corner
  Data Path Delay:        0.361ns  (logic 0.186ns (51.478%)  route 0.175ns (48.522%))
  Logic Levels:           2  (FDRE=1 LUT2=1)

    Location             Delay type                Incr(ns)  Path(ns)    Netlist Resource(s)
  -------------------------------------------------------------------    -------------------
    SLICE_X0Y21          FDRE                         0.000     0.000 r  dma_inst/FSM_onehot_state_reg[1]/C
    SLICE_X0Y21          FDRE (Prop_fdre_C_Q)         0.141     0.141 r  dma_inst/FSM_onehot_state_reg[1]/Q
                         net (fo=24, routed)          0.175     0.316    dma_inst/FSM_onehot_state_reg_n_0_[1]
    SLICE_X1Y21          LUT2 (Prop_lut2_I0_O)        0.045     0.361 r  dma_inst/src_addr_a[0]_i_1/O
                         net (fo=1, routed)           0.000     0.361    dma_inst/src_addr_a[0]_i_1_n_0
    SLICE_X1Y21          FDRE                                         r  dma_inst/src_addr_a_reg[0]/D
  -------------------------------------------------------------------    -------------------

Slack:                    inf
  Source:                 dma_inst/FSM_onehot_state_reg[2]/C
                            (rising edge-triggered cell FDRE)
  Destination:            dma_inst/FSM_onehot_state_reg[0]/D
  Path Group:             (none)
  Path Type:              Min at Fast Process Corner
  Data Path Delay:        0.371ns  (logic 0.186ns (50.146%)  route 0.185ns (49.854%))
  Logic Levels:           2  (FDRE=1 LUT5=1)

    Location             Delay type                Incr(ns)  Path(ns)    Netlist Resource(s)
  -------------------------------------------------------------------    -------------------
    SLICE_X0Y21          FDRE                         0.000     0.000 r  dma_inst/FSM_onehot_state_reg[2]/C
    SLICE_X0Y21          FDRE (Prop_fdre_C_Q)         0.141     0.141 r  dma_inst/FSM_onehot_state_reg[2]/Q
                         net (fo=3, routed)           0.185     0.326    dma_inst/FSM_onehot_state_reg_n_0_[2]
    SLICE_X0Y21          LUT5 (Prop_lut5_I0_O)        0.045     0.371 r  dma_inst/FSM_onehot_state[0]_i_1/O
                         net (fo=1, routed)           0.000     0.371    dma_inst/FSM_onehot_state[0]_i_1_n_0
    SLICE_X0Y21          FDRE                                         r  dma_inst/FSM_onehot_state_reg[0]/D
  -------------------------------------------------------------------    -------------------

Slack:                    inf
  Source:                 dma_inst/dst_data_a_reg[4]/C
                            (rising edge-triggered cell FDRE)
  Destination:            accel_inst/accelerator_core/rows[0].cols[0].pe_inst/a_out_reg[4]/D
  Path Group:             (none)
  Path Type:              Min at Fast Process Corner
  Data Path Delay:        0.373ns  (logic 0.141ns (37.768%)  route 0.232ns (62.232%))
  Logic Levels:           1  (FDRE=1)

    Location             Delay type                Incr(ns)  Path(ns)    Netlist Resource(s)
  -------------------------------------------------------------------    -------------------
    SLICE_X3Y41          FDRE                         0.000     0.000 r  dma_inst/dst_data_a_reg[4]/C
    SLICE_X3Y41          FDRE (Prop_fdre_C_Q)         0.141     0.141 r  dma_inst/dst_data_a_reg[4]/Q
                         net (fo=37, routed)          0.232     0.373    accel_inst/accelerator_core/rows[0].cols[0].pe_inst/a_out_reg[7]_2[4]
    SLICE_X4Y39          FDRE                                         r  accel_inst/accelerator_core/rows[0].cols[0].pe_inst/a_out_reg[4]/D
  -------------------------------------------------------------------    -------------------

Slack:                    inf
  Source:                 dma_inst/FSM_onehot_state_reg[1]/C
                            (rising edge-triggered cell FDRE)
  Destination:            dma_inst/FSM_onehot_state_reg[1]/D
  Path Group:             (none)
  Path Type:              Min at Fast Process Corner
  Data Path Delay:        0.378ns  (logic 0.186ns (49.145%)  route 0.192ns (50.855%))
  Logic Levels:           2  (FDRE=1 LUT6=1)

    Location             Delay type                Incr(ns)  Path(ns)    Netlist Resource(s)
  -------------------------------------------------------------------    -------------------
    SLICE_X0Y21          FDRE                         0.000     0.000 r  dma_inst/FSM_onehot_state_reg[1]/C
    SLICE_X0Y21          FDRE (Prop_fdre_C_Q)         0.141     0.141 r  dma_inst/FSM_onehot_state_reg[1]/Q
                         net (fo=24, routed)          0.192     0.333    dma_inst/FSM_onehot_state_reg_n_0_[1]
    SLICE_X0Y21          LUT6 (Prop_lut6_I4_O)        0.045     0.378 r  dma_inst/FSM_onehot_state[1]_i_1/O
                         net (fo=1, routed)           0.000     0.378    dma_inst/FSM_onehot_state[1]_i_1_n_0
    SLICE_X0Y21          FDRE                                         r  dma_inst/FSM_onehot_state_reg[1]/D
  -------------------------------------------------------------------    -------------------

Slack:                    inf
  Source:                 dma_inst/dst_data_a_reg[0]/C
                            (rising edge-triggered cell FDRE)
  Destination:            accel_inst/accelerator_core/rows[0].cols[0].pe_inst/a_out_reg[0]/D
  Path Group:             (none)
  Path Type:              Min at Fast Process Corner
  Data Path Delay:        0.379ns  (logic 0.141ns (37.167%)  route 0.238ns (62.833%))
  Logic Levels:           1  (FDRE=1)

    Location             Delay type                Incr(ns)  Path(ns)    Netlist Resource(s)
  -------------------------------------------------------------------    -------------------
    SLICE_X3Y37          FDRE                         0.000     0.000 r  dma_inst/dst_data_a_reg[0]/C
    SLICE_X3Y37          FDRE (Prop_fdre_C_Q)         0.141     0.141 r  dma_inst/dst_data_a_reg[0]/Q
                         net (fo=29, routed)          0.238     0.379    accel_inst/accelerator_core/rows[0].cols[0].pe_inst/a_out_reg[7]_2[0]
    SLICE_X7Y34          FDRE                                         r  accel_inst/accelerator_core/rows[0].cols[0].pe_inst/a_out_reg[0]/D
  -------------------------------------------------------------------    -------------------

Slack:                    inf
  Source:                 accel_inst/accelerator_core/rows[0].cols[0].pe_inst/acc_out_reg[4]/C
                            (rising edge-triggered cell FDRE)
  Destination:            accel_inst/accelerator_core/rows[0].cols[1].pe_inst/acc_out_reg[4]/D
  Path Group:             (none)
  Path Type:              Min at Fast Process Corner
  Data Path Delay:        0.384ns  (logic 0.279ns (72.648%)  route 0.105ns (27.352%))
  Logic Levels:           3  (CARRY4=1 FDRE=1 LUT2=1)

    Location             Delay type                Incr(ns)  Path(ns)    Netlist Resource(s)
  -------------------------------------------------------------------    -------------------
    SLICE_X2Y36          FDRE                         0.000     0.000 r  accel_inst/accelerator_core/rows[0].cols[0].pe_inst/acc_out_reg[4]/C
    SLICE_X2Y36          FDRE (Prop_fdre_C_Q)         0.164     0.164 r  accel_inst/accelerator_core/rows[0].cols[0].pe_inst/acc_out_reg[4]/Q
                         net (fo=2, routed)           0.105     0.269    accel_inst/accelerator_core/rows[0].cols[0].pe_inst/acc_out_reg[15]_1[4]
    SLICE_X1Y36          LUT2 (Prop_lut2_I0_O)        0.045     0.314 r  accel_inst/accelerator_core/rows[0].cols[0].pe_inst/acc_out0_carry__0_i_4/O
                         net (fo=1, routed)           0.000     0.314    accel_inst/accelerator_core/rows[0].cols[1].pe_inst/acc_out_reg[7]_0[0]
    SLICE_X1Y36          CARRY4 (Prop_carry4_S[0]_O[0])
                                                      0.070     0.384 r  accel_inst/accelerator_core/rows[0].cols[1].pe_inst/acc_out0_carry__0/O[0]
                         net (fo=1, routed)           0.000     0.384    accel_inst/accelerator_core/rows[0].cols[1].pe_inst/acc_out0_carry__0_n_7
    SLICE_X1Y36          FDRE                                         r  accel_inst/accelerator_core/rows[0].cols[1].pe_inst/acc_out_reg[4]/D
  -------------------------------------------------------------------    -------------------





